// Jest Snapshot v1, https://goo.gl/fbAQLP

exports[`<App/> unit tests snapshot match 1`] = `ShallowWrapper {}`;
